ls: fake_dir: No such file or directory
